turtle43@pa28pi:~/pa-opencr-build$ python3 -m serial.tools.miniterm "$PORT" 115200 --eol LF -e
--- Miniterm on /dev/ttyACM0  115200,8,N,1 ---
--- Quit: Ctrl+] | Menu: Ctrl+T | Help: Ctrl+T followed by Ctrl+H ---
1.
Invalid setting. Finite Kp, positive speed or max, angle -90..90. Use k/v/a or s <Kp> <speed_deg_s|max> <angle_deg>.
s 1.5 120 -90
START: current position = 0 deg.
P SET Kp=1.5000, Ki=0.0000, Kd=0.0000, speed_limit_deg_s=120.000, angle_deg=-90.000
Run timeout [s]: 60.0
target_deg:0.000        position_deg:0.088      error_deg:-0.088        p_deg_s:0.000   i_deg_s:0.000   d_deg_s:0.000   pid_deg_s:0.000 speed_deg_s:0.000       u_deg_s:0.000   v_limit_deg_s:120.000   dt_ms:10.000  kp:1.5000       ki:0.0000       kd:0.0000       t_s:0.100
target_deg:0.000        position_deg:0.000      error_deg:0.000 p_deg_s:0.000   i_deg_s:0.000   d_deg_s:0.000   pid_deg_s:0.000 speed_deg_s:0.000       u_deg_s:0.000   v_limit_deg_s:120.000   dt_ms:10.000 kp:1.5000        ki:0.0000       kd:0.0000       t_s:0.200
target_deg:0.000        position_deg:0.088      error_deg:-0.088        p_deg_s:0.000   i_deg_s:0.000   d_deg_s:0.000   pid_deg_s:0.000 speed_deg_s:0.000       u_deg_s:0.000   v_limit_deg_s:120.000   dt_ms:10.001  kp:1.5000       ki:0.0000       kd:0.0000       t_s:0.300
target_deg:0.000        position_deg:0.000      error_deg:0.000 p_deg_s:0.000   i_deg_s:0.000   d_deg_s:0.000   pid_deg_s:0.000 speed_deg_s:0.000       u_deg_s:0.000   v_limit_deg_s:120.000   dt_ms:10.000 kp:1.5000        ki:0.0000       kd:0.0000       t_s:0.400
target_deg:0.000        position_deg:0.088      error_deg:-0.088        p_deg_s:0.000   i_deg_s:0.000   d_deg_s:0.000   pid_deg_s:0.000 speed_deg_s:0.000       u_deg_s:0.000   v_limit_deg_s:120.000   dt_ms:10.000  kp:1.5000       ki:0.0000       kd:0.0000       t_s:0.500
target_deg:0.000        position_deg:0.088      error_deg:-0.088        p_deg_s:0.000   i_deg_s:0.000   d_deg_s:0.000   pid_deg_s:0.000 speed_deg_s:0.000       u_deg_s:0.000   v_limit_deg_s:120.000   dt_ms:10.001  kp:1.5000       ki:0.0000       kd:0.0000       t_s:0.600
target_deg:0.000        position_deg:0.088      error_deg:-0.088        p_deg_s:0.000   i_deg_s:0.000   d_deg_s:0.000   pid_deg_s:0.000 speed_deg_s:0.000       u_deg_s:0.000   v_limit_deg_s:120.000   dt_ms:10.000  kp:1.5000       ki:0.0000       kd:0.0000       t_s:0.700
target_deg:0.000        position_deg:0.000      error_deg:0.000 p_deg_s:0.000   i_deg_s:0.000   d_deg_s:0.000   pid_deg_s:0.000 speed_deg_s:0.000       u_deg_s:0.000   v_limit_deg_s:120.000   dt_ms:10.001 kp:1.5000        ki:0.0000       kd:0.0000       t_s:0.800
target_deg:0.000        position_deg:0.088      error_deg:-0.088        p_deg_s:0.000   i_deg_s:0.000   d_deg_s:0.000   pid_deg_s:0.000 speed_deg_s:0.000       u_deg_s:0.000   v_limit_deg_s:120.000   dt_ms:10.000  kp:1.5000       ki:0.0000       kd:0.0000       t_s:0.900
target_deg:0.000        position_deg:0.000      error_deg:0.000 p_deg_s:0.000   i_deg_s:0.000   d_deg_s:0.000   pid_deg_s:0.000 speed_deg_s:0.000       u_deg_s:0.000   v_limit_deg_s:120.000   dt_ms:10.000 kp:1.5000        ki:0.0000       kd:0.0000       t_s:1.000
target_deg:0.000        position_deg:0.088      error_deg:-0.088        p_deg_s:0.000   i_deg_s:0.000   d_deg_s:0.000   pid_deg_s:0.000 speed_deg_s:0.000       u_deg_s:0.000   v_limit_deg_s:120.000   dt_ms:10.000  kp:1.5000       ki:0.0000       kd:0.0000       t_s:1.100
target_deg:0.000        position_deg:0.000      error_deg:0.000 p_deg_s:0.000   i_deg_s:0.000   d_deg_s:0.000   pid_deg_s:0.000 speed_deg_s:0.000       u_deg_s:0.000   v_limit_deg_s:120.000   dt_ms:10.000 kp:1.5000        ki:0.0000       kd:0.0000       t_s:1.200
target_deg:0.000        position_deg:0.000      error_deg:0.000 p_deg_s:0.000   i_deg_s:0.000   d_deg_s:0.000   pid_deg_s:0.000 speed_deg_s:0.000       u_deg_s:0.000   v_limit_deg_s:120.000   dt_ms:10.000 kp:1.5000        ki:0.0000       kd:0.0000       t_s:1.300
target_deg:0.000        position_deg:0.000      error_deg:0.000 p_deg_s:0.000   i_deg_s:0.000   d_deg_s:0.000   pid_deg_s:0.000 speed_deg_s:0.000       u_deg_s:0.000   v_limit_deg_s:120.000   dt_ms:10.000 kp:1.5000        ki:0.0000       kd:0.0000       t_s:1.400
target_deg:0.000        position_deg:0.000      error_deg:0.000 p_deg_s:0.000   i_deg_s:0.000   d_deg_s:0.000   pid_deg_s:0.000 speed_deg_s:0.000       u_deg_s:0.000   v_limit_deg_s:120.000   dt_ms:10.001 kp:1.5000        ki:0.0000       kd:0.0000       t_s:1.500
target_deg:0.000        position_deg:0.088      error_deg:-0.088        p_deg_s:0.000   i_deg_s:0.000   d_deg_s:0.000   pid_deg_s:0.000 speed_deg_s:0.000       u_deg_s:0.000   v_limit_deg_s:120.000   dt_ms:10.000  kp:1.5000       ki:0.0000       kd:0.0000       t_s:1.600
target_deg:0.000        position_deg:0.000      error_deg:0.000 p_deg_s:0.000   i_deg_s:0.000   d_deg_s:0.000   pid_deg_s:0.000 speed_deg_s:0.000       u_deg_s:0.000   v_limit_deg_s:120.000   dt_ms:10.000 kp:1.5000        ki:0.0000       kd:0.0000       t_s:1.700
target_deg:0.000        position_deg:0.000      error_deg:0.000 p_deg_s:0.000   i_deg_s:0.000   d_deg_s:0.000   pid_deg_s:0.000 speed_deg_s:0.000       u_deg_s:0.000   v_limit_deg_s:120.000   dt_ms:10.001 kp:1.5000        ki:0.0000       kd:0.0000       t_s:1.800
target_deg:0.000        position_deg:0.088      error_deg:-0.088        p_deg_s:0.000   i_deg_s:0.000   d_deg_s:0.000   pid_deg_s:0.000 speed_deg_s:0.000       u_deg_s:0.000   v_limit_deg_s:120.000   dt_ms:10.000  kp:1.5000       ki:0.0000       kd:0.0000       t_s:1.900
target_deg:-90.000      position_deg:0.088      error_deg:-90.088       p_deg_s:-135.132        i_deg_s:0.000   d_deg_s:0.000   pid_deg_s:-135.132      speed_deg_s:0.000       u_deg_s:-119.538        v_limit_deg_s:120.000 dt_ms:10.000    kp:1.5000       ki:0.0000       kd:0.0000       t_s:2.000
target_deg:-90.000      position_deg:-0.176     error_deg:-89.824       p_deg_s:-134.736        i_deg_s:0.000   d_deg_s:0.000   pid_deg_s:-134.736      speed_deg_s:-1.374      u_deg_s:-119.538        v_limit_deg_s:120.000 dt_ms:10.000    kp:1.5000       ki:0.0000       kd:0.0000       t_s:2.100
target_deg:-90.000      position_deg:-1.406     error_deg:-88.594       p_deg_s:-132.891        i_deg_s:0.000   d_deg_s:0.000   pid_deg_s:-132.891      speed_deg_s:-10.992     u_deg_s:-119.538        v_limit_deg_s:120.000 dt_ms:10.000    kp:1.5000       ki:0.0000       kd:0.0000       t_s:2.200
target_deg:-90.000      position_deg:-3.516     error_deg:-86.484       p_deg_s:-129.727        i_deg_s:0.000   d_deg_s:0.000   pid_deg_s:-129.727      speed_deg_s:-20.610     u_deg_s:-119.538        v_limit_deg_s:120.000 dt_ms:10.000    kp:1.5000       ki:0.0000       kd:0.0000       t_s:2.300
target_deg:-90.000      position_deg:-6.680     error_deg:-83.320       p_deg_s:-124.980        i_deg_s:0.000   d_deg_s:0.000   pid_deg_s:-124.980      speed_deg_s:-30.228     u_deg_s:-119.538        v_limit_deg_s:120.000 dt_ms:10.000    kp:1.5000       ki:0.0000       kd:0.0000       t_s:2.400
target_deg:-90.000      position_deg:-10.811    error_deg:-79.189       p_deg_s:-118.784        i_deg_s:0.000   d_deg_s:0.000   pid_deg_s:-118.784      speed_deg_s:-41.220     u_deg_s:-118.164        v_limit_deg_s:120.000 dt_ms:10.000    kp:1.5000       ki:0.0000       kd:0.0000       t_s:2.500
target_deg:-90.000      position_deg:-15.996    error_deg:-74.004       p_deg_s:-111.006        i_deg_s:0.000   d_deg_s:0.000   pid_deg_s:-111.006      speed_deg_s:-50.838     u_deg_s:-111.294        v_limit_deg_s:120.000 dt_ms:10.000    kp:1.5000       ki:0.0000       kd:0.0000       t_s:2.600
target_deg:-90.000      position_deg:-22.412    error_deg:-67.588       p_deg_s:-101.382        i_deg_s:0.000   d_deg_s:0.000   pid_deg_s:-101.382      speed_deg_s:-61.830     u_deg_s:-101.676        v_limit_deg_s:120.000 dt_ms:10.000    kp:1.5000       ki:0.0000       kd:0.0000       t_s:2.700
target_deg:-90.000      position_deg:-29.795    error_deg:-60.205       p_deg_s:-90.308 i_deg_s:0.000   d_deg_s:0.000   pid_deg_s:-90.308       speed_deg_s:-71.448     u_deg_s:-90.684 v_limit_deg_s:120.000dt_ms:10.000     kp:1.5000       ki:0.0000       kd:0.0000       t_s:2.800
target_deg:-90.000      position_deg:-38.145    error_deg:-51.855       p_deg_s:-77.783 i_deg_s:0.000   d_deg_s:0.000   pid_deg_s:-77.783       speed_deg_s:-82.440     u_deg_s:-78.318 v_limit_deg_s:120.000dt_ms:10.000     kp:1.5000       ki:0.0000       kd:0.0000       t_s:2.900
target_deg:-90.000      position_deg:-46.318    error_deg:-43.682       p_deg_s:-65.522 i_deg_s:0.000   d_deg_s:0.000   pid_deg_s:-65.522       speed_deg_s:-79.692     u_deg_s:-65.952 v_limit_deg_s:120.000dt_ms:10.001     kp:1.5000       ki:0.0000       kd:0.0000       t_s:3.000
target_deg:-90.000      position_deg:-53.438    error_deg:-36.563       p_deg_s:-54.844 i_deg_s:0.000   d_deg_s:0.000   pid_deg_s:-54.844       speed_deg_s:-70.074     u_deg_s:-54.960 v_limit_deg_s:120.000dt_ms:10.000     kp:1.5000       ki:0.0000       kd:0.0000       t_s:3.100
target_deg:-90.000      position_deg:-59.502    error_deg:-30.498       p_deg_s:-45.747 i_deg_s:0.000   d_deg_s:0.000   pid_deg_s:-45.747       speed_deg_s:-60.456     u_deg_s:-45.342 v_limit_deg_s:120.000dt_ms:10.000     kp:1.5000       ki:0.0000       kd:0.0000       t_s:3.200
target_deg:-90.000      position_deg:-64.600    error_deg:-25.400       p_deg_s:-38.101 i_deg_s:0.000   d_deg_s:0.000   pid_deg_s:-38.101       speed_deg_s:-48.090     u_deg_s:-38.472 v_limit_deg_s:120.000dt_ms:10.000     kp:1.5000       ki:0.0000       kd:0.0000       t_s:3.300
target_deg:-90.000      position_deg:-68.730    error_deg:-21.270       p_deg_s:-31.904 i_deg_s:0.000   d_deg_s:0.000   pid_deg_s:-31.904       speed_deg_s:-38.472     u_deg_s:-31.602 v_limit_deg_s:120.000dt_ms:10.001     kp:1.5000       ki:0.0000       kd:0.0000       t_s:3.400
target_deg:-90.000      position_deg:-71.895    error_deg:-18.105       p_deg_s:-27.158 i_deg_s:0.000   d_deg_s:0.000   pid_deg_s:-27.158       speed_deg_s:-31.602     u_deg_s:-27.480 v_limit_deg_s:120.000dt_ms:10.000     kp:1.5000       ki:0.0000       kd:0.0000       t_s:3.500
target_deg:-90.000      position_deg:-74.707    error_deg:-15.293       p_deg_s:-22.939 i_deg_s:0.000   d_deg_s:0.000   pid_deg_s:-22.939       speed_deg_s:-27.480     u_deg_s:-23.358 v_limit_deg_s:120.000dt_ms:10.000     kp:1.5000       ki:0.0000       kd:0.0000       t_s:3.600
target_deg:-90.000      position_deg:-76.992    error_deg:-13.008       p_deg_s:-19.512 i_deg_s:0.000   d_deg_s:0.000   pid_deg_s:-19.512       speed_deg_s:-23.358     u_deg_s:-19.236 v_limit_deg_s:120.000dt_ms:10.000     kp:1.5000       ki:0.0000       kd:0.0000       t_s:3.700
target_deg:-90.000      position_deg:-79.014    error_deg:-10.986       p_deg_s:-16.479 i_deg_s:0.000   d_deg_s:0.000   pid_deg_s:-16.479       speed_deg_s:-19.236     u_deg_s:-16.488 v_limit_deg_s:120.000dt_ms:10.000     kp:1.5000       ki:0.0000       kd:0.0000       t_s:3.800
target_deg:-90.000      position_deg:-80.859    error_deg:-9.141        p_deg_s:-13.711 i_deg_s:0.000   d_deg_s:0.000   pid_deg_s:-13.711       speed_deg_s:-16.488     u_deg_s:-13.740 v_limit_deg_s:120.000dt_ms:10.001     kp:1.5000       ki:0.0000       kd:0.0000       t_s:3.900
target_deg:-90.000      position_deg:-82.266    error_deg:-7.734        p_deg_s:-11.602 i_deg_s:0.000   d_deg_s:0.000   pid_deg_s:-11.602       speed_deg_s:-13.740     u_deg_s:-10.992 v_limit_deg_s:120.000dt_ms:10.000     kp:1.5000       ki:0.0000       kd:0.0000       t_s:4.000
target_deg:-90.000      position_deg:-83.496    error_deg:-6.504        p_deg_s:-9.756  i_deg_s:0.000   d_deg_s:0.000   pid_deg_s:-9.756        speed_deg_s:-10.992     u_deg_s:-9.618  v_limit_deg_s:120.000dt_ms:10.001     kp:1.5000       ki:0.0000       kd:0.0000       t_s:4.100
target_deg:-90.000      position_deg:-84.463    error_deg:-5.537        p_deg_s:-8.306  i_deg_s:0.000   d_deg_s:0.000   pid_deg_s:-8.306        speed_deg_s:-9.618      u_deg_s:-8.244  v_limit_deg_s:120.000dt_ms:10.000     kp:1.5000       ki:0.0000       kd:0.0000       t_s:4.200
target_deg:-90.000      position_deg:-85.342    error_deg:-4.658        p_deg_s:-6.987  i_deg_s:0.000   d_deg_s:0.000   pid_deg_s:-6.987        speed_deg_s:-8.244      u_deg_s:-6.870  v_limit_deg_s:120.000dt_ms:10.000     kp:1.5000       ki:0.0000       kd:0.0000       t_s:4.300
target_deg:-90.000      position_deg:-86.045    error_deg:-3.955        p_deg_s:-5.933  i_deg_s:0.000   d_deg_s:0.000   pid_deg_s:-5.933        speed_deg_s:-6.870      u_deg_s:-5.496  v_limit_deg_s:120.000dt_ms:10.000     kp:1.5000       ki:0.0000       kd:0.0000       t_s:4.400
target_deg:-90.000      position_deg:-86.572    error_deg:-3.428        p_deg_s:-5.142  i_deg_s:0.000   d_deg_s:0.000   pid_deg_s:-5.142        speed_deg_s:-5.496      u_deg_s:-5.496  v_limit_deg_s:120.000dt_ms:10.000     kp:1.5000       ki:0.0000       kd:0.0000       t_s:4.500
target_deg:-90.000      position_deg:-87.188    error_deg:-2.813        p_deg_s:-4.219  i_deg_s:0.000   d_deg_s:0.000   pid_deg_s:-4.219        speed_deg_s:-4.122      u_deg_s:-4.122  v_limit_deg_s:120.000dt_ms:10.000     kp:1.5000       ki:0.0000       kd:0.0000       t_s:4.600
target_deg:-90.000      position_deg:-87.627    error_deg:-2.373        p_deg_s:-3.560  i_deg_s:0.000   d_deg_s:0.000   pid_deg_s:-3.560        speed_deg_s:-4.122      u_deg_s:-4.122  v_limit_deg_s:120.000dt_ms:10.001     kp:1.5000       ki:0.0000       kd:0.0000       t_s:4.700
target_deg:-90.000      position_deg:-87.891    error_deg:-2.109        p_deg_s:-3.164  i_deg_s:0.000   d_deg_s:0.000   pid_deg_s:-3.164        speed_deg_s:-1.374      u_deg_s:-2.748  v_limit_deg_s:120.000dt_ms:10.001     kp:1.5000       ki:0.0000       kd:0.0000       t_s:4.800
target_deg:-90.000      position_deg:-88.242    error_deg:-1.758        p_deg_s:-2.637  i_deg_s:0.000   d_deg_s:0.000   pid_deg_s:-2.637        speed_deg_s:-2.748      u_deg_s:-2.748  v_limit_deg_s:120.000dt_ms:10.001     kp:1.5000       ki:0.0000       kd:0.0000       t_s:4.900
target_deg:-90.000      position_deg:-88.594    error_deg:-1.406        p_deg_s:-2.109  i_deg_s:0.000   d_deg_s:0.000   pid_deg_s:-2.109        speed_deg_s:-2.748      u_deg_s:-2.748  v_limit_deg_s:120.000dt_ms:10.000     kp:1.5000       ki:0.0000       kd:0.0000       t_s:5.000
target_deg:-90.000      position_deg:-88.682    error_deg:-1.318        p_deg_s:-1.978  i_deg_s:0.000   d_deg_s:0.000   pid_deg_s:-1.978        speed_deg_s:0.000       u_deg_s:-1.374  v_limit_deg_s:120.000dt_ms:10.000     kp:1.5000       ki:0.0000       kd:0.0000       t_s:5.100
target_deg:-90.000      position_deg:-88.857    error_deg:-1.143        p_deg_s:-1.714  i_deg_s:0.000   d_deg_s:0.000   pid_deg_s:-1.714        speed_deg_s:-1.374      u_deg_s:-1.374  v_limit_deg_s:120.000dt_ms:10.001     kp:1.5000       ki:0.0000       kd:0.0000       t_s:5.200
target_deg:-90.000      position_deg:-88.945    error_deg:-1.055        p_deg_s:-1.582  i_deg_s:0.000   d_deg_s:0.000   pid_deg_s:-1.582        speed_deg_s:0.000       u_deg_s:-1.374  v_limit_deg_s:120.000dt_ms:10.001     kp:1.5000       ki:0.0000       kd:0.0000       t_s:5.300
target_deg:-90.000      position_deg:-89.209    error_deg:-0.791        p_deg_s:-1.187  i_deg_s:0.000   d_deg_s:0.000   pid_deg_s:-1.187        speed_deg_s:-2.748      u_deg_s:-1.374  v_limit_deg_s:120.000dt_ms:10.001     kp:1.5000       ki:0.0000       kd:0.0000       t_s:5.400
target_deg:-90.000      position_deg:-89.209    error_deg:-0.791        p_deg_s:-1.187  i_deg_s:0.000   d_deg_s:0.000   pid_deg_s:-1.187        speed_deg_s:0.000       u_deg_s:-1.374  v_limit_deg_s:120.000dt_ms:10.000     kp:1.5000       ki:0.0000       kd:0.0000       t_s:5.500
target_deg:-90.000      position_deg:-89.385    error_deg:-0.615        p_deg_s:-0.923  i_deg_s:0.000   d_deg_s:0.000   pid_deg_s:-0.923        speed_deg_s:-1.374      u_deg_s:-1.374  v_limit_deg_s:120.000dt_ms:10.002     kp:1.5000       ki:0.0000       kd:0.0000       t_s:5.600
target_deg:-90.000      position_deg:-89.473    error_deg:-0.527        p_deg_s:-0.791  i_deg_s:0.000   d_deg_s:0.000   pid_deg_s:-0.791        speed_deg_s:0.000       u_deg_s:-1.374  v_limit_deg_s:120.000dt_ms:10.002     kp:1.5000       ki:0.0000       kd:0.0000       t_s:5.700
target_deg:-90.000      position_deg:-89.648    error_deg:-0.352        p_deg_s:-0.527  i_deg_s:0.000   d_deg_s:0.000   pid_deg_s:-0.527        speed_deg_s:-1.374      u_deg_s:0.000   v_limit_deg_s:120.000dt_ms:10.002     kp:1.5000       ki:0.0000       kd:0.0000       t_s:5.800
target_deg:-90.000      position_deg:-89.648    error_deg:-0.352        p_deg_s:-0.527  i_deg_s:0.000   d_deg_s:0.000   pid_deg_s:-0.527        speed_deg_s:0.000       u_deg_s:0.000   v_limit_deg_s:120.000dt_ms:10.001     kp:1.5000       ki:0.0000       kd:0.0000       t_s:5.900
target_deg:-90.000      position_deg:-89.648    error_deg:-0.352        p_deg_s:-0.527  i_deg_s:0.000   d_deg_s:0.000   pid_deg_s:-0.527        speed_deg_s:0.000       u_deg_s:0.000   v_limit_deg_s:120.000dt_ms:10.000     kp:1.5000       ki:0.0000       kd:0.0000       t_s:6.000
target_deg:-90.000      position_deg:-89.561    error_deg:-0.439        p_deg_s:-0.659  i_deg_s:0.000   d_deg_s:0.000   pid_deg_s:-0.659        speed_deg_s:0.000       u_deg_s:0.000   v_limit_deg_s:120.000dt_ms:10.000     kp:1.5000       ki:0.0000       kd:0.0000       t_s:6.100
target_deg:-90.000      position_deg:-89.648    error_deg:-0.352        p_deg_s:-0.527  i_deg_s:0.000   d_deg_s:0.000   pid_deg_s:-0.527        speed_deg_s:0.000       u_deg_s:0.000   v_limit_deg_s:120.000dt_ms:10.001     kp:1.5000       ki:0.0000       kd:0.0000       t_s:6.200
target_deg:-90.000      position_deg:-89.648    error_deg:-0.352        p_deg_s:-0.527  i_deg_s:0.000   d_deg_s:0.000   pid_deg_s:-0.527        speed_deg_s:0.000       u_deg_s:0.000   v_limit_deg_s:120.000dt_ms:10.001     kp:1.5000       ki:0.0000       kd:0.0000       t_s:6.300
target_deg:-90.000      position_deg:-89.648    error_deg:-0.352        p_deg_s:-0.527  i_deg_s:0.000   d_deg_s:0.000   pid_deg_s:-0.527        speed_deg_s:0.000       u_deg_s:0.000   v_limit_deg_s:120.000dt_ms:10.001     kp:1.5000       ki:0.0000       kd:0.0000       t_s:6.400
target_deg:-90.000      position_deg:-89.648    error_deg:-0.352        p_deg_s:-0.527  i_deg_s:0.000   d_deg_s:0.000   pid_deg_s:-0.527        speed_deg_s:0.000       u_deg_s:0.000   v_limit_deg_s:120.000dt_ms:10.002     kp:1.5000       ki:0.0000       kd:0.0000       t_s:6.500
target_deg:-90.000      position_deg:-89.648    error_deg:-0.352        p_deg_s:-0.527  i_deg_s:0.000   d_deg_s:0.000   pid_deg_s:-0.527        speed_deg_s:0.000       u_deg_s:0.000   v_limit_deg_s:120.000dt_ms:10.001     kp:1.5000       ki:0.0000       kd:0.0000       t_s:6.600
target_deg:-90.000      position_deg:-89.648    error_deg:-0.352        p_deg_s:-0.527  i_deg_s:0.000   d_deg_s:0.000   pid_deg_s:-0.527        speed_deg_s:0.000       u_deg_s:0.000   v_limit_deg_s:120.000dt_ms:10.000     kp:1.5000       ki:0.0000       kd:0.0000       t_s:6.700
target_deg:-90.000      position_deg:-89.561    error_deg:-0.439        p_deg_s:-0.659  i_deg_s:0.000   d_deg_s:0.000   pid_deg_s:-0.659        speed_deg_s:0.000       u_deg_s:0.000   v_limit_deg_s:120.000dt_ms:10.002     kp:1.5000       ki:0.0000       kd:0.0000       t_s:6.800
target_deg:-90.000      position_deg:-89.648    error_deg:-0.352        p_deg_s:-0.527  i_deg_s:0.000   d_deg_s:0.000   pid_deg_s:-0.527        speed_deg_s:0.000       u_deg_s:0.000   v_limit_deg_s:120.000dt_ms:10.002     kp:1.5000       ki:0.0000       kd:0.0000       t_s:6.900
target_deg:-90.000      position_deg:-89.648    error_deg:-0.352        p_deg_s:-0.527  i_deg_s:0.000   d_deg_s:0.000   pid_deg_s:-0.527        speed_deg_s:0.000       u_deg_s:0.000   v_limit_deg_s:120.000dt_ms:10.001     kp:1.5000       ki:0.0000       kd:0.0000       t_s:7.000
target_deg:-90.000      position_deg:-89.648    error_deg:-0.352        p_deg_s:-0.527  i_deg_s:0.000   d_deg_s:0.000   pid_deg_s:-0.527        speed_deg_s:0.000       u_deg_s:0.000   v_limit_deg_s:120.000dt_ms:10.001     kp:1.5000       ki:0.0000       kd:0.0000       t_s:7.100
target_deg:-90.000      position_deg:-89.648    error_deg:-0.352        p_deg_s:-0.527  i_deg_s:0.000   d_deg_s:0.000   pid_deg_s:-0.527        speed_deg_s:0.000       u_deg_s:0.000   v_limit_deg_s:120.000dt_ms:10.001     kp:1.5000       ki:0.0000       kd:0.0000       t_s:7.200
target_deg:-90.000      position_deg:-89.648    error_deg:-0.352        p_deg_s:-0.527  i_deg_s:0.000   d_deg_s:0.000   pid_deg_s:-0.527        speed_deg_s:0.000       u_deg_s:0.000   v_limit_deg_s:120.000dt_ms:10.000     kp:1.5000       ki:0.0000       kd:0.0000       t_s:7.300
target_deg:-90.000      position_deg:-89.648    error_deg:-0.352        p_deg_s:-0.527  i_deg_s:0.000   d_deg_s:0.000   pid_deg_s:-0.527        speed_deg_s:0.000       u_deg_s:0.000   v_limit_deg_s:120.000dt_ms:10.003     kp:1.5000       ki:0.0000       kd:0.0000       t_s:7.400
target_deg:-90.000      position_deg:-89.648    error_deg:-0.352        p_deg_s:-0.527  i_deg_s:0.000   d_deg_s:0.000   pid_deg_s:-0.527        speed_deg_s:0.000       u_deg_s:0.000   v_limit_deg_s:120.000dt_ms:10.002     kp:1.5000       ki:0.0000       kd:0.0000       t_s:7.500
target_deg:-90.000      position_deg:-89.648    error_deg:-0.352        p_deg_s:-0.527  i_deg_s:0.000   d_deg_s:0.000   pid_deg_s:-0.527        speed_deg_s:0.000       u_deg_s:0.000   v_limit_deg_s:120.000dt_ms:10.002     kp:1.5000       ki:0.0000       kd:0.0000       t_s:7.600
target_deg:-90.000      position_deg:-89.648    error_deg:-0.352        p_deg_s:-0.527  i_deg_s:0.000   d_deg_s:0.000   pid_deg_s:-0.527        speed_deg_s:0.000       u_deg_s:0.000   v_limit_deg_s:120.000dt_ms:10.000     kp:1.5000       ki:0.0000       kd:0.0000       t_s:7.700
target_deg:-90.000      position_deg:-89.648    error_deg:-0.352        p_deg_s:-0.527  i_deg_s:0.000   d_deg_s:0.000   pid_deg_s:-0.527        speed_deg_s:0.000       u_deg_s:0.000   v_limit_deg_s:120.000dt_ms:10.002     kp:1.5000       ki:0.0000       kd:0.0000       t_s:7.800
target_deg:-90.000      position_deg:-89.648    error_deg:-0.352        p_deg_s:-0.527  i_deg_s:0.000   d_deg_s:0.000   pid_deg_s:-0.527        speed_deg_s:0.000       u_deg_s:0.000   v_limit_deg_s:120.000dt_ms:10.002     kp:1.5000       ki:0.0000       kd:0.0000       t_s:7.900
target_deg:-90.000      position_deg:-89.648    error_deg:-0.352        p_deg_s:-0.527  i_deg_s:0.000   d_deg_s:0.000   pid_deg_s:-0.527        speed_deg_s:0.000       u_deg_s:0.000   v_limit_deg_s:120.000dt_ms:10.002     kp:1.5000       ki:0.0000       kd:0.0000       t_s:8.000
target_deg:-90.000      position_deg:-89.648    error_deg:-0.352        p_deg_s:-0.527  i_deg_s:0.000   d_deg_s:0.000   pid_deg_s:-0.527        speed_deg_s:0.000       u_deg_s:0.000   v_limit_deg_s:120.000dt_ms:10.000     kp:1.5000       ki:0.0000       kd:0.0000       t_s:8.100
target_deg:-90.000      position_deg:-89.648    error_deg:-0.352        p_deg_s:-0.527  i_deg_s:0.000   d_deg_s:0.000   pid_deg_s:-0.527        speed_deg_s:0.000       u_deg_s:0.000   v_limit_deg_s:120.000dt_ms:10.000     kp:1.5000       ki:0.0000       kd:0.0000       t_s:8.200
target_deg:-90.000      position_deg:-89.648    error_deg:-0.352        p_deg_s:-0.527  i_deg_s:0.000   d_deg_s:0.000   pid_deg_s:-0.527        speed_deg_s:0.000       u_deg_s:0.000   v_limit_deg_s:120.000dt_ms:10.001     kp:1.5000       ki:0.0000       kd:0.0000       t_s:8.300
target_deg:-90.000      position_deg:-89.648    error_deg:-0.352        p_deg_s:-0.527  i_deg_s:0.000   d_deg_s:0.000   pid_deg_s:-0.527        speed_deg_s:0.000       u_deg_s:0.000   v_limit_deg_s:120.000dt_ms:10.001     kp:1.5000       ki:0.0000       kd:0.0000       t_s:8.400
target_deg:-90.000      position_deg:-89.648    error_deg:-0.352        p_deg_s:-0.527  i_deg_s:0.000   d_deg_s:0.000   pid_deg_s:-0.527        speed_deg_s:0.000       u_deg_s:0.000   v_limit_deg_s:120.000dt_ms:10.000     kp:1.5000       ki:0.0000       kd:0.0000       t_s:8.500
target_deg:-90.000      position_deg:-89.648    error_deg:-0.352        p_deg_s:-0.527  i_deg_s:0.000   d_deg_s:0.000   pid_deg_s:-0.527        speed_deg_s:0.000       u_deg_s:0.000   v_limit_deg_s:120.000dt_ms:10.001     kp:1.5000       ki:0.0000       kd:0.0000       t_s:8.600
target_deg:-90.000      position_deg:-89.648    error_deg:-0.352        p_deg_s:-0.527  i_deg_s:0.000   d_deg_s:0.000   pid_deg_s:-0.527        speed_deg_s:0.000       u_deg_s:0.000   v_limit_deg_s:120.000dt_ms:10.001     kp:1.5000       ki:0.0000       kd:0.0000       t_s:8.700
target_deg:-90.000      position_deg:-89.648    error_deg:-0.352        p_deg_s:-0.527  i_deg_s:0.000   d_deg_s:0.000   pid_deg_s:-0.527        speed_deg_s:0.000       u_deg_s:0.000   v_limit_deg_s:120.000dt_ms:10.002     kp:1.5000       ki:0.0000       kd:0.0000       t_s:8.800
target_deg:-90.000      position_deg:-89.648    error_deg:-0.352        p_deg_s:-0.527  i_deg_s:0.000   d_deg_s:0.000   pid_deg_s:-0.527        speed_deg_s:0.000       u_deg_s:0.000   v_limit_deg_s:120.000dt_ms:10.003     kp:1.5000       ki:0.0000       kd:0.0000       t_s:8.900
target_deg:-90.000      position_deg:-89.648    error_deg:-0.352        p_deg_s:-0.527  i_deg_s:0.000   d_deg_s:0.000   pid_deg_s:-0.527        speed_deg_s:0.000       u_deg_s:0.000   v_limit_deg_s:120.000dt_ms:10.002     kp:1.5000       ki:0.0000       kd:0.0000       t_s:9.000
target_deg:-90.000      position_deg:-89.648    error_deg:-0.352        p_deg_s:-0.527  i_deg_s:0.000   d_deg_s:0.000   pid_deg_s:-0.527        speed_deg_s:0.000       u_deg_s:0.000   v_limit_deg_s:120.000dt_ms:10.002     kp:1.5000       ki:0.0000       kd:0.0000       t_s:9.100
target_deg:-90.000      position_deg:-89.648    error_deg:-0.352        p_deg_s:-0.527  i_deg_s:0.000   d_deg_s:0.000   pid_deg_s:-0.527        speed_deg_s:0.000       u_deg_s:0.000   v_limit_deg_s:120.000dt_ms:10.001     kp:1.5000       ki:0.0000       kd:0.0000       t_s:9.200
target_deg:-90.000      position_deg:-89.648    error_deg:-0.352        p_deg_s:-0.527  i_deg_s:0.000   d_deg_s:0.000   pid_deg_s:-0.527        speed_deg_s:0.000       u_deg_s:0.000   v_limit_deg_s:120.000dt_ms:10.002     kp:1.5000       ki:0.0000       kd:0.0000       t_s:9.301
target_deg:-90.000      position_deg:-89.648    error_deg:-0.352        p_deg_s:-0.527  i_deg_s:0.000   d_deg_s:0.000   pid_deg_s:-0.527        speed_deg_s:0.000       u_deg_s:0.000   v_limit_deg_s:120.000dt_ms:10.002     kp:1.5000       ki:0.0000       kd:0.0000       t_s:9.401
target_deg:-90.000      position_deg:-89.648    error_deg:-0.352        p_deg_s:-0.527  i_deg_s:0.000   d_deg_s:0.000   pid_deg_s:-0.527        speed_deg_s:0.000       u_deg_s:0.000   v_limit_deg_s:120.000dt_ms:10.001     kp:1.5000       ki:0.0000       kd:0.0000       t_s:9.501
target_deg:-90.000      position_deg:-89.648    error_deg:-0.352        p_deg_s:-0.527  i_deg_s:0.000   d_deg_s:0.000   pid_deg_s:-0.527        speed_deg_s:0.000       u_deg_s:0.000   v_limit_deg_s:120.000dt_ms:10.001     kp:1.5000       ki:0.0000       kd:0.0000       t_s:9.601
target_deg:-90.000      position_deg:-89.648    error_deg:-0.352        p_deg_s:-0.527  i_deg_s:0.000   d_deg_s:0.000   pid_deg_s:-0.527        speed_deg_s:0.000       u_deg_s:0.000   v_limit_deg_s:120.000dt_ms:10.002     kp:1.5000       ki:0.0000       kd:0.0000       t_s:9.701
target_deg:-90.000      position_deg:-89.648    error_deg:-0.352        p_deg_s:-0.527  i_deg_s:0.000   d_deg_s:0.000   pid_deg_s:-0.527        speed_deg_s:0.000       u_deg_s:0.000   v_limit_deg_s:120.000dt_ms:10.001     kp:1.5000       ki:0.0000       kd:0.0000       t_s:9.801
target_deg:-90.000      position_deg:-89.648    error_deg:-0.352        p_deg_s:-0.527  i_deg_s:0.000   d_deg_s:0.000   pid_deg_s:-0.527        speed_deg_s:0.000       u_deg_s:0.000   v_limit_deg_s:120.000dt_ms:10.001     kp:1.5000       ki:0.0000       kd:0.0000       t_s:9.901
target_deg:-90.000      position_deg:-89.648    error_deg:-0.352        p_deg_s:-0.527  i_deg_s:0.000   d_deg_s:0.000   pid_deg_s:-0.527        speed_deg_s:0.000       u_deg_s:0.000   v_limit_deg_s:120.000dt_ms:10.001     kp:1.5000       ki:0.0000       kd:0.0000       t_s:10.001
target_deg:-90.000      position_deg:-89.648    error_deg:-0.352        p_deg_s:-0.527  i_deg_s:0.000   d_deg_s:0.000   pid_deg_s:-0.527        speed_deg_s:0.000       u_deg_s:0.000   v_limit_deg_s:120.000dt_ms:10.001     kp:1.5000       ki:0.0000       kd:0.0000       t_s:10.101
target_deg:-90.000      position_deg:-89.648    error_deg:-0.352        p_deg_s:-0.527  i_deg_s:0.000   d_deg_s:0.000   pid_deg_s:-0.527        speed_deg_s:0.000       u_deg_s:0.000   v_limit_deg_s:120.000dt_ms:10.002     kp:1.5000       ki:0.0000       kd:0.0000       t_s:10.201
target_deg:-90.000      position_deg:-89.648    error_deg:-0.352        p_deg_s:-0.527  i_deg_s:0.000   d_deg_s:0.000   pid_deg_s:-0.527        speed_deg_s:0.000       u_deg_s:0.000   v_limit_deg_s:120.000dt_ms:10.000     kp:1.5000       ki:0.0000       kd:0.0000       t_s:10.301
target_deg:-90.000      position_deg:-89.648    error_deg:-0.352        p_deg_s:-0.527  i_deg_s:0.000   d_deg_s:0.000   pid_deg_s:-0.527        speed_deg_s:0.000       u_deg_s:0.000   v_limit_deg_s:120.000dt_ms:10.003     kp:1.5000       ki:0.0000       kd:0.0000       t_s:10.401
target_deg:-90.000      position_deg:-89.648    error_deg:-0.352        p_deg_s:-0.527  i_deg_s:0.000   d_deg_s:0.000   pid_deg_s:-0.527        speed_deg_s:0.000       u_deg_s:0.000   v_limit_deg_s:120.000dt_ms:10.000     kp:1.5000       ki:0.0000       kd:0.0000       t_s:10.501
target_deg:-90.000      position_deg:-89.648    error_deg:-0.352        p_deg_s:-0.527  i_deg_s:0.000   d_deg_s:0.000   pid_deg_s:-0.527        speed_deg_s:0.000       u_deg_s:0.000   v_limit_deg_s:120.000dt_ms:10.000     kp:1.5000       ki:0.0000       kd:0.0000       t_s:10.601
target_deg:-90.000      position_deg:-89.648    error_deg:-0.352        p_deg_s:-0.527  i_deg_s:0.000   d_deg_s:0.000   pid_deg_s:-0.527        speed_deg_s:0.000       u_deg_s:0.000   v_limit_deg_s:120.000dt_ms:10.002     kp:1.5000       ki:0.0000       kd:0.0000       t_s:10.701
target_deg:-90.000      position_deg:-89.648    error_deg:-0.352        p_deg_s:-0.527  i_deg_s:0.000   d_deg_s:0.000   pid_deg_s:-0.527        speed_deg_s:0.000       u_deg_s:0.000   v_limit_deg_s:120.000dt_ms:10.001     kp:1.5000       ki:0.0000       kd:0.0000       t_s:10.801
target_deg:-90.000      position_deg:-89.648    error_deg:-0.352        p_deg_s:-0.527  i_deg_s:0.000   d_deg_s:0.000   pid_deg_s:-0.527        speed_deg_s:0.000       u_deg_s:0.000   v_limit_deg_s:120.000dt_ms:10.000     kp:1.5000       ki:0.0000       kd:0.0000       t_s:10.901
target_deg:-90.000      position_deg:-89.648    error_deg:-0.352        p_deg_s:-0.527  i_deg_s:0.000   d_deg_s:0.000   pid_deg_s:-0.527        speed_deg_s:0.000       u_deg_s:0.000   v_limit_deg_s:120.000dt_ms:10.001     kp:1.5000       ki:0.0000       kd:0.0000       t_s:11.001
target_deg:-90.000      position_deg:-89.561    error_deg:-0.439        p_deg_s:-0.659  i_deg_s:0.000   d_deg_s:0.000   pid_deg_s:-0.659        speed_deg_s:0.000       u_deg_s:0.000   v_limit_deg_s:120.000dt_ms:10.003     kp:1.5000       ki:0.0000       kd:0.0000       t_s:11.101
target_deg:-90.000      position_deg:-89.648    error_deg:-0.352        p_deg_s:-0.527  i_deg_s:0.000   d_deg_s:0.000   pid_deg_s:-0.527        speed_deg_s:0.000       u_deg_s:0.000   v_limit_deg_s:120.000dt_ms:10.001     kp:1.5000       ki:0.0000       kd:0.0000       t_s:11.201
target_deg:-90.000      position_deg:-89.648    error_deg:-0.352        p_deg_s:-0.527  i_deg_s:0.000   d_deg_s:0.000   pid_deg_s:-0.527        speed_deg_s:0.000       u_deg_s:0.000   v_limit_deg_s:120.000dt_ms:10.002     kp:1.5000       ki:0.0000       kd:0.0000       t_s:11.301
target_deg:-90.000      position_deg:-89.648    error_deg:-0.352        p_deg_s:-0.527  i_deg_s:0.000   d_deg_s:0.000   pid_deg_s:-0.527        speed_deg_s:0.000       u_deg_s:0.000   v_limit_deg_s:120.000dt_ms:10.000     kp:1.5000       ki:0.0000       kd:0.0000       t_s:11.401
target_deg:-90.000      position_deg:-89.648    error_deg:-0.352        p_deg_s:-0.527  i_deg_s:0.000   d_deg_s:0.000   pid_deg_s:-0.527        speed_deg_s:0.000       u_deg_s:0.000   v_limit_deg_s:120.000dt_ms:10.002     kp:1.5000       ki:0.0000       kd:0.0000       t_s:11.501
target_deg:-90.000      position_deg:-89.648    error_deg:-0.352        p_deg_s:-0.527  i_deg_s:0.000   d_deg_s:0.000   pid_deg_s:-0.527        speed_deg_s:0.000       u_deg_s:0.000   v_limit_deg_s:120.000dt_ms:10.002     kp:1.5000       ki:0.0000       kd:0.0000       t_s:11.601
target_deg:-90.000      position_deg:-89.648    error_deg:-0.352        p_deg_s:-0.527  i_deg_s:0.000   d_deg_s:0.000   pid_deg_s:-0.527        speed_deg_s:0.000       u_deg_s:0.000   v_limit_deg_s:120.000dt_ms:10.001     kp:1.5000       ki:0.0000       kd:0.0000       t_s:11.701
target_deg:-90.000      position_deg:-89.648    error_deg:-0.352        p_deg_s:-0.527  i_deg_s:0.000   d_deg_s:0.000   pid_deg_s:-0.527        speed_deg_s:0.000       u_deg_s:0.000   v_limit_deg_s:120.000dt_ms:10.003     kp:1.5000       ki:0.0000       kd:0.0000       t_s:11.801
target_deg:-90.000      position_deg:-89.648    error_deg:-0.352        p_deg_s:-0.527  i_deg_s:0.000   d_deg_s:0.000   pid_deg_s:-0.527        speed_deg_s:0.000       u_deg_s:0.000   v_limit_deg_s:120.000dt_ms:10.003     kp:1.5000       ki:0.0000       kd:0.0000       t_s:11.901
